CAP-002=f1:add_one(b0[const-int,add-int]>return)
MATCH-001=f1:name(b0[]>match;b1[const-string]>return;b2[const-string]>return;b3[const-string]>return)
MATCH-002=f1:is_message(b0[]>match;b1[const-bool]>return;b2[const-bool]>return)
MATCH-003=f1:allowed(b0[]>match;b1[const-bool]>return;b2[const-bool]>return;b3[const-bool]>return;b4[const-bool]>return)
NOM-001=f1:load(b0[]>return)|f2:main(b0[const-string,construct,call]>return)
NOM-002=f1:main(b0[const-string,const-bool,construct]>return)
NOM-003=f1:main(b0[const-int,const-int,construct]>return)
NUM-001=f1:main(b0[const-int,const-int,add-int]>return)
NUM-002=f1:main(b0[const-int,intrinsic]>return)
NUM-003=f1:keep_size(b0[]>return)|f2:main(b0[const-int,construct,call]>return)
NUM-004=f1:keep_amount(b0[]>return)|f2:main(b0[const-int,construct,call]>return)
RESULT-001=f1:read_value(b0[const-int,variant]>return)|f2:load_twice(b0[call,try,call,try,add-int,variant]>return)
